// Jest Snapshot v1, https://goo.gl/fbAQLP

exports[`Works 1`] = `
Array [
  Array [
    Object {
      "children": Array [],
      "date": undefined,
      "html": "<h2 id=\\"header-1\\"><span class=\\"section-number\\">1</span>headline one</h2>
<h2 id=\\"header-2\\" class=\\"task-status todo\\"><span class=\\"section-number\\">2</span><span class=\\"task-status todo\\">TODO</span>headline two</h2>
normal content here<pre class=\\"prettyprint\\"><code class=\\"language-javascript\\">console.log(&#34;hello world&#34;)</code>
</pre>
",
      "id": "whatever >>> Org",
      "internal": Object {
        "content": "#+TITLE: hello world
* headline one
* TODO headline two
normal content here

#+BEGIN_SRC javascript
console.log(\\"hello world\\")
#+END_SRC
",
        "contentDigest": "755af0e71655b62611370ead1f20bcae",
        "type": "Org",
      },
      "parent": "whatever",
      "tags": Array [],
      "title": "hello world",
    },
  ],
]
`;
